// Jest Snapshot v1, https://goo.gl/fbAQLP

exports[`Toolbar renders the Toolbar component 1`] = `
Array [
  <div
    className="toolbar-content"
    style={Object {}}
  >
    <div
      className="pusher-puller"
      style={
        Object {
          "transform": null,
        }
      }
    />
  </div>,
  <div
    className="toolbar expanded"
  >
    <div
      className="toolbar-body"
    >
      <div
        className="toolbar-actions"
      >
        <span />
      </div>
      <div
        className="toolbar-bottom"
      />
    </div>
    <div
      className="toolbar-handler"
    >
      <button
        aria-label="Shrink toolbar"
        className=""
        onClick={[Function]}
      />
    </div>
  </div>,
  <div
    className="pusher"
  />,
]
`;

exports[`Toolbar renders the Toolbar component with lock 1`] = `
Array [
  <div
    className="toolbar-content"
    style={Object {}}
  >
    <div
      className="pusher-puller"
      style={
        Object {
          "transform": null,
        }
      }
    />
  </div>,
  <div
    className="toolbar expanded"
  >
    <div
      className="toolbar-body"
    >
      <div
        className="toolbar-actions"
      >
        <span />
      </div>
      <div
        className="toolbar-bottom"
      />
    </div>
    <div
      className="toolbar-handler"
    >
      <button
        aria-label="Shrink toolbar"
        className=""
        onClick={[Function]}
      />
    </div>
  </div>,
  <div
    className="pusher"
  />,
]
`;
